Initializing the backend...
Initializing provider plugins...
- Reusing previous version of hashicorp/aws from the dependency lock file
- Using previously-installed hashicorp/aws v6.51.0

Terraform has been successfully initialized!
data.aws_caller_identity.current: Reading...
aws_cognito_user_pool.auth: Refreshing state... [id=us-east-1_64bec7b8b]
data.aws_caller_identity.current: Read complete after 0s [id=000000000000]

Terraform used the selected providers to generate the following execution
plan. Resource actions are indicated with the following symbols:
  - destroy

Terraform will perform the following actions:

  # aws_cognito_user_pool.auth will be destroyed
  - resource "aws_cognito_user_pool" "auth" {
      - alias_attributes           = [] -> null
      - arn                        = "arn:aws:cognito-idp:us-east-1:000000000000:userpool/us-east-1_64bec7b8b" -> null
      - auto_verified_attributes   = [] -> null
      - creation_date              = "2026-10-10T14:50:36Z" -> null
      - deletion_protection        = "INACTIVE" -> null
      - endpoint                   = "cognito-idp.us-east-1.amazonaws.com/us-east-1_64bec7b8b" -> null
      - estimated_number_of_users  = 0 -> null
      - id                         = "us-east-1_64bec7b8b" -> null
      - last_modified_date         = "2026-10-10T14:50:36Z" -> null
      - mfa_configuration          = "OFF" -> null
      - name                       = "cl-988257-auth" -> null
      - region                     = "us-east-1" -> null
      - tags                       = {} -> null
      - tags_all                   = {
          - "ClearLedgerDeployment" = "cl-988257"
        } -> null
      - user_pool_tier             = "ESSENTIALS" -> null
      - username_attributes        = [] -> null
        # (6 unchanged attributes hidden)

      - admin_create_user_config {
          - allow_admin_create_user_only = false -> null
        }

      - email_configuration {
          - email_sending_account  = "COGNITO_DEFAULT" -> null
            # (4 unchanged attributes hidden)
        }

      - sms_configuration {}

      - username_configuration {
          - case_sensitive = false -> null
        }

      - verification_message_template {
            # (6 unchanged attributes hidden)
        }
    }

Plan: 0 to add, 0 to change, 1 to destroy.
aws_cognito_user_pool.auth: Destroying... [id=us-east-1_64bec7b8b]
aws_cognito_user_pool.auth: Destruction complete after 0s

Warning: Argument is deprecated

  with aws_dynamodb_table.projection,
  on main.tf line 200, in resource "aws_dynamodb_table" "projection":
 200: resource "aws_dynamodb_table" "projection" {

hash_key is deprecated. Use key_schema instead.

(and one more similar warning elsewhere)

Destroy complete! Resources: 1 destroyed.
ClearLedger teardown complete.
