Trial aw-az-01__68tjJaJ failed: Docker compose command failed for environment clearledger-settlement. Command: docker compose --project-name aw-az-01__68tjjaj__env --project-directory /Users/azeez/Azeez/microai/aw-az-01/environment -f /private/var/folders/cx/31vj2yzs6xv5qzw7hx0tvjp40000gn/T/tmp0a0mfo25/aw-az-01__68tjJaJ__env-docker-compose-resources.json -f /Users/azeez/.local/share/uv/tools/realm-verifier/lib/python3.14/site-packages/harbor/environments/docker/docker-compose-build.yaml -f /Users/azeez/Azeez/microai/aw-az-01/environment/docker-compose.yaml -f /private/var/folders/cx/31vj2yzs6xv5qzw7hx0tvjp40000gn/T/tmp07os1q_w/docker-compose-environment.json -f /private/var/folders/cx/31vj2yzs6xv5qzw7hx0tvjp40000gn/T/tmpczejah8r/docker-compose-mounts.json build. Return code: 1. Stdout:  Image aw-az-01__68tjjaj__env-main Building 
 Image aw-az-01__68tjjaj__env-runtime Building 
#1 [internal] load local bake definitions
#1 reading from stdin 1.06kB done
#1 DONE 0.0s

#2 [runtime internal] load build definition from Dockerfile
#2 transferring dockerfile: 5.29kB done
#2 DONE 0.0s

#3 [main] resolve image config for docker-image://docker.io/docker/dockerfile:1.7
#3 ...

#4 [auth] docker/dockerfile:pull token for registry-1.docker.io
#4 DONE 0.0s

#3 [main] resolve image config for docker-image://docker.io/docker/dockerfile:1.7
#3 DONE 1.8s

#5 [runtime] docker-image://docker.io/docker/dockerfile:1.7@sha256:a57df69d0ea827fb7266491f2813635de6f17269be881f696fbfdf2d83dda33e
#5 CACHED

#6 [main internal] load build definition from Dockerfile
#6 transferring dockerfile: 5.29kB done
#6 DONE 0.0s

#7 [runtime internal] load build definition from Dockerfile
#7 transferring dockerfile: 5.29kB done
#7 DONE 0.0s

#8 [runtime internal] load metadata for docker.io/hashicorp/terraform:1.9.8@sha256:18f9986038bbaf02cf49db9c09261c778161c51dcc7fb7e355ae8938459428cd
#8 ...

#9 [main internal] load metadata for mirror.gcr.io/library/rust:1.88.0-bookworm@sha256:af306cfa71d987911a781c37b59d7d67d934f49684058f96cf72079c3626bfe0
#9 DONE 0.3s

#10 [runtime internal] load metadata for mirror.gcr.io/library/python:3.12.11-slim-bookworm@sha256:54fd2da9fc88eed6ef2ef3fa6fdeeb8fd9fad2bd3ce8fb3ac0db32a85f10c0f9
#10 ...

#11 [auth] hashicorp/terraform:pull token for registry-1.docker.io
#11 DONE 0.0s

#8 [runtime internal] load metadata for docker.io/hashicorp/terraform:1.9.8@sha256:18f9986038bbaf02cf49db9c09261c778161c51dcc7fb7e355ae8938459428cd
#8 CANCELED

#10 [runtime internal] load metadata for mirror.gcr.io/library/python:3.12.11-slim-bookworm@sha256:54fd2da9fc88eed6ef2ef3fa6fdeeb8fd9fad2bd3ce8fb3ac0db32a85f10c0f9
#10 ERROR: mirror.gcr.io/library/python:3.12.11-slim-bookworm@sha256:54fd2da9fc88eed6ef2ef3fa6fdeeb8fd9fad2bd3ce8fb3ac0db32a85f10c0f9: not found
------
 > [runtime internal] load metadata for mirror.gcr.io/library/python:3.12.11-slim-bookworm@sha256:54fd2da9fc88eed6ef2ef3fa6fdeeb8fd9fad2bd3ce8fb3ac0db32a85f10c0f9:
------
Dockerfile:27

--------------------

  25 |     FROM --platform=linux/amd64 hashicorp/terraform:1.9.8@sha256:18f9986038bbaf02cf49db9c09261c778161c51dcc7fb7e355ae8938459428cd AS terraform-cli

  26 |     

  27 | >>> FROM --platform=linux/amd64 mirror.gcr.io/library/python:3.12.11-slim-bookworm@sha256:54fd2da9fc88eed6ef2ef3fa6fdeeb8fd9fad2bd3ce8fb3ac0db32a85f10c0f9 AS main

  28 |     ENV DEBIAN_FRONTEND=noninteractive \

  29 |         PIP_NO_CACHE_DIR=1 \

--------------------

target main: failed to solve: mirror.gcr.io/library/python:3.12.11-slim-bookworm@sha256:54fd2da9fc88eed6ef2ef3fa6fdeeb8fd9fad2bd3ce8fb3ac0db32a85f10c0f9: mirror.gcr.io/library/python:3.12.11-slim-bookworm@sha256:54fd2da9fc88eed6ef2ef3fa6fdeeb8fd9fad2bd3ce8fb3ac0db32a85f10c0f9: not found

. Stderr: None. 
Collecting main service artifacts
compose cp failed; retrying download with engine cp: Docker compose command failed for environment clearledger-settlement. Command: docker compose --project-name aw-az-01__68tjjaj__env --project-directory /Users/azeez/Azeez/microai/aw-az-01/environment -f /private/var/folders/cx/31vj2yzs6xv5qzw7hx0tvjp40000gn/T/tmp0a0mfo25/aw-az-01__68tjJaJ__env-docker-compose-resources.json -f /Users/azeez/.local/share/uv/tools/realm-verifier/lib/python3.14/site-packages/harbor/environments/docker/docker-compose-build.yaml -f /Users/azeez/Azeez/microai/aw-az-01/environment/docker-compose.yaml -f /private/var/folders/cx/31vj2yzs6xv5qzw7hx0tvjp40000gn/T/tmp07os1q_w/docker-compose-environment.json -f /private/var/folders/cx/31vj2yzs6xv5qzw7hx0tvjp40000gn/T/tmpczejah8r/docker-compose-mounts.json cp main:/workspace/submission /Users/azeez/Azeez/microai/aw-az-01/jobs/rv-20261002T191312Z-aa986a/aw-az-01__68tjJaJ/artifacts/submission. Return code: 1. Stdout: no container found for service "main"
. Stderr: None. 
Failed to download artifact '/workspace/submission' from service 'main' (best-effort)
Traceback (most recent call last):
  File "/Users/azeez/.local/share/uv/tools/realm-verifier/lib/python3.14/site-packages/harbor/trial/trial.py", line 415, in run
    await self._prepare()
  File "/Users/azeez/.local/share/uv/tools/realm-verifier/lib/python3.14/site-packages/harbor/trial/trial.py", line 453, in _prepare
    await self._setup_agent_environment()
  File "/Users/azeez/.local/share/uv/tools/realm-verifier/lib/python3.14/site-packages/harbor/trial/trial.py", line 1542, in _setup_agent_environment
    await self._start_agent_environment()
  File "/Users/azeez/.local/share/uv/tools/realm-verifier/lib/python3.14/site-packages/harbor/trial/trial.py", line 1548, in _start_agent_environment
    await asyncio.wait_for(
    ...<4 lines>...
    )
  File "/opt/homebrew/Cellar/python@3.14/3.14.2_1/Frameworks/Python.framework/Versions/3.14/lib/python3.14/asyncio/tasks.py", line 488, in wait_for
    return await fut
           ^^^^^^^^^
  File "/Users/azeez/.local/share/uv/tools/realm-verifier/lib/python3.14/site-packages/harbor/environments/docker/docker.py", line 981, in start
    await self._run_docker_compose_command(["build"])
  File "/Users/azeez/.local/share/uv/tools/realm-verifier/lib/python3.14/site-packages/harbor/environments/docker/docker.py", line 704, in _run_docker_compose_command
    raise RuntimeError(
    ...<5 lines>...
    )
RuntimeError: Docker compose command failed for environment clearledger-settlement. Command: docker compose --project-name aw-az-01__68tjjaj__env --project-directory /Users/azeez/Azeez/microai/aw-az-01/environment -f /private/var/folders/cx/31vj2yzs6xv5qzw7hx0tvjp40000gn/T/tmp0a0mfo25/aw-az-01__68tjJaJ__env-docker-compose-resources.json -f /Users/azeez/.local/share/uv/tools/realm-verifier/lib/python3.14/site-packages/harbor/environments/docker/docker-compose-build.yaml -f /Users/azeez/Azeez/microai/aw-az-01/environment/docker-compose.yaml -f /private/var/folders/cx/31vj2yzs6xv5qzw7hx0tvjp40000gn/T/tmp07os1q_w/docker-compose-environment.json -f /private/var/folders/cx/31vj2yzs6xv5qzw7hx0tvjp40000gn/T/tmpczejah8r/docker-compose-mounts.json build. Return code: 1. Stdout:  Image aw-az-01__68tjjaj__env-main Building 
 Image aw-az-01__68tjjaj__env-runtime Building 
#1 [internal] load local bake definitions
#1 reading from stdin 1.06kB done
#1 DONE 0.0s

#2 [runtime internal] load build definition from Dockerfile
#2 transferring dockerfile: 5.29kB done
#2 DONE 0.0s

#3 [main] resolve image config for docker-image://docker.io/docker/dockerfile:1.7
#3 ...

#4 [auth] docker/dockerfile:pull token for registry-1.docker.io
#4 DONE 0.0s

#3 [main] resolve image config for docker-image://docker.io/docker/dockerfile:1.7
#3 DONE 1.8s

#5 [runtime] docker-image://docker.io/docker/dockerfile:1.7@sha256:a57df69d0ea827fb7266491f2813635de6f17269be881f696fbfdf2d83dda33e
#5 CACHED

#6 [main internal] load build definition from Dockerfile
#6 transferring dockerfile: 5.29kB done
#6 DONE 0.0s

#7 [runtime internal] load build definition from Dockerfile
#7 transferring dockerfile: 5.29kB done
#7 DONE 0.0s

#8 [runtime internal] load metadata for docker.io/hashicorp/terraform:1.9.8@sha256:18f9986038bbaf02cf49db9c09261c778161c51dcc7fb7e355ae8938459428cd
#8 ...

#9 [main internal] load metadata for mirror.gcr.io/library/rust:1.88.0-bookworm@sha256:af306cfa71d987911a781c37b59d7d67d934f49684058f96cf72079c3626bfe0
#9 DONE 0.3s

#10 [runtime internal] load metadata for mirror.gcr.io/library/python:3.12.11-slim-bookworm@sha256:54fd2da9fc88eed6ef2ef3fa6fdeeb8fd9fad2bd3ce8fb3ac0db32a85f10c0f9
#10 ...

#11 [auth] hashicorp/terraform:pull token for registry-1.docker.io
#11 DONE 0.0s

#8 [runtime internal] load metadata for docker.io/hashicorp/terraform:1.9.8@sha256:18f9986038bbaf02cf49db9c09261c778161c51dcc7fb7e355ae8938459428cd
#8 CANCELED

#10 [runtime internal] load metadata for mirror.gcr.io/library/python:3.12.11-slim-bookworm@sha256:54fd2da9fc88eed6ef2ef3fa6fdeeb8fd9fad2bd3ce8fb3ac0db32a85f10c0f9
#10 ERROR: mirror.gcr.io/library/python:3.12.11-slim-bookworm@sha256:54fd2da9fc88eed6ef2ef3fa6fdeeb8fd9fad2bd3ce8fb3ac0db32a85f10c0f9: not found
------
 > [runtime internal] load metadata for mirror.gcr.io/library/python:3.12.11-slim-bookworm@sha256:54fd2da9fc88eed6ef2ef3fa6fdeeb8fd9fad2bd3ce8fb3ac0db32a85f10c0f9:
------
Dockerfile:27

--------------------

  25 |     FROM --platform=linux/amd64 hashicorp/terraform:1.9.8@sha256:18f9986038bbaf02cf49db9c09261c778161c51dcc7fb7e355ae8938459428cd AS terraform-cli

  26 |     

  27 | >>> FROM --platform=linux/amd64 mirror.gcr.io/library/python:3.12.11-slim-bookworm@sha256:54fd2da9fc88eed6ef2ef3fa6fdeeb8fd9fad2bd3ce8fb3ac0db32a85f10c0f9 AS main

  28 |     ENV DEBIAN_FRONTEND=noninteractive \

  29 |         PIP_NO_CACHE_DIR=1 \

--------------------

target main: failed to solve: mirror.gcr.io/library/python:3.12.11-slim-bookworm@sha256:54fd2da9fc88eed6ef2ef3fa6fdeeb8fd9fad2bd3ce8fb3ac0db32a85f10c0f9: mirror.gcr.io/library/python:3.12.11-slim-bookworm@sha256:54fd2da9fc88eed6ef2ef3fa6fdeeb8fd9fad2bd3ce8fb3ac0db32a85f10c0f9: not found

. Stderr: None. 

During handling of the above exception, another exception occurred:

Traceback (most recent call last):
  File "/Users/azeez/.local/share/uv/tools/realm-verifier/lib/python3.14/site-packages/harbor/trial/artifact_handler.py", line 313, in _download_artifact
    await source_env.service_download_file(
    ...<3 lines>...
    )
  File "/Users/azeez/.local/share/uv/tools/realm-verifier/lib/python3.14/site-packages/harbor/environments/docker/docker.py", line 1205, in service_download_file
    await self.download_file(source_path, target_path)
  File "/Users/azeez/.local/share/uv/tools/realm-verifier/lib/python3.14/site-packages/harbor/environments/docker/docker.py", line 1190, in download_file
    await self._platform.download_file(source_path, target_path)
  File "/Users/azeez/.local/share/uv/tools/realm-verifier/lib/python3.14/site-packages/harbor/environments/docker/docker_unix.py", line 256, in download_file
    await self._download_via_engine_cp(source_path, target_path, service)
  File "/Users/azeez/.local/share/uv/tools/realm-verifier/lib/python3.14/site-packages/harbor/environments/docker/docker_unix.py", line 233, in _download_via_engine_cp
    container = await self._resolve_service_container(service)
                ^^^^^^^^^^^^^^^^^^^^^^^^^^^^^^^^^^^^^^^^^^^^^^
  File "/Users/azeez/.local/share/uv/tools/realm-verifier/lib/python3.14/site-packages/harbor/environments/docker/docker_unix.py", line 212, in _resolve_service_container
    raise RuntimeError(
    ...<2 lines>...
    )
RuntimeError: Could not resolve container for compose service 'main' in project 'aw-az-01__68tjjaj__env'.
compose cp failed; retrying download with engine cp: Docker compose command failed for environment clearledger-settlement. Command: docker compose --project-name aw-az-01__68tjjaj__env --project-directory /Users/azeez/Azeez/microai/aw-az-01/environment -f /private/var/folders/cx/31vj2yzs6xv5qzw7hx0tvjp40000gn/T/tmp0a0mfo25/aw-az-01__68tjJaJ__env-docker-compose-resources.json -f /Users/azeez/.local/share/uv/tools/realm-verifier/lib/python3.14/site-packages/harbor/environments/docker/docker-compose-build.yaml -f /Users/azeez/Azeez/microai/aw-az-01/environment/docker-compose.yaml -f /private/var/folders/cx/31vj2yzs6xv5qzw7hx0tvjp40000gn/T/tmp07os1q_w/docker-compose-environment.json -f /private/var/folders/cx/31vj2yzs6xv5qzw7hx0tvjp40000gn/T/tmpczejah8r/docker-compose-mounts.json cp main:/workspace/evidence /Users/azeez/Azeez/microai/aw-az-01/jobs/rv-20261002T191312Z-aa986a/aw-az-01__68tjJaJ/artifacts/evidence. Return code: 1. Stdout: no container found for service "main"
. Stderr: None. 
Failed to download artifact '/workspace/evidence' from service 'main' (best-effort)
Traceback (most recent call last):
  File "/Users/azeez/.local/share/uv/tools/realm-verifier/lib/python3.14/site-packages/harbor/trial/trial.py", line 415, in run
    await self._prepare()
  File "/Users/azeez/.local/share/uv/tools/realm-verifier/lib/python3.14/site-packages/harbor/trial/trial.py", line 453, in _prepare
    await self._setup_agent_environment()
  File "/Users/azeez/.local/share/uv/tools/realm-verifier/lib/python3.14/site-packages/harbor/trial/trial.py", line 1542, in _setup_agent_environment
    await self._start_agent_environment()
  File "/Users/azeez/.local/share/uv/tools/realm-verifier/lib/python3.14/site-packages/harbor/trial/trial.py", line 1548, in _start_agent_environment
    await asyncio.wait_for(
    ...<4 lines>...
    )
  File "/opt/homebrew/Cellar/python@3.14/3.14.2_1/Frameworks/Python.framework/Versions/3.14/lib/python3.14/asyncio/tasks.py", line 488, in wait_for
    return await fut
           ^^^^^^^^^
  File "/Users/azeez/.local/share/uv/tools/realm-verifier/lib/python3.14/site-packages/harbor/environments/docker/docker.py", line 981, in start
    await self._run_docker_compose_command(["build"])
  File "/Users/azeez/.local/share/uv/tools/realm-verifier/lib/python3.14/site-packages/harbor/environments/docker/docker.py", line 704, in _run_docker_compose_command
    raise RuntimeError(
    ...<5 lines>...
    )
RuntimeError: Docker compose command failed for environment clearledger-settlement. Command: docker compose --project-name aw-az-01__68tjjaj__env --project-directory /Users/azeez/Azeez/microai/aw-az-01/environment -f /private/var/folders/cx/31vj2yzs6xv5qzw7hx0tvjp40000gn/T/tmp0a0mfo25/aw-az-01__68tjJaJ__env-docker-compose-resources.json -f /Users/azeez/.local/share/uv/tools/realm-verifier/lib/python3.14/site-packages/harbor/environments/docker/docker-compose-build.yaml -f /Users/azeez/Azeez/microai/aw-az-01/environment/docker-compose.yaml -f /private/var/folders/cx/31vj2yzs6xv5qzw7hx0tvjp40000gn/T/tmp07os1q_w/docker-compose-environment.json -f /private/var/folders/cx/31vj2yzs6xv5qzw7hx0tvjp40000gn/T/tmpczejah8r/docker-compose-mounts.json build. Return code: 1. Stdout:  Image aw-az-01__68tjjaj__env-main Building 
 Image aw-az-01__68tjjaj__env-runtime Building 
#1 [internal] load local bake definitions
#1 reading from stdin 1.06kB done
#1 DONE 0.0s

#2 [runtime internal] load build definition from Dockerfile
#2 transferring dockerfile: 5.29kB done
#2 DONE 0.0s

#3 [main] resolve image config for docker-image://docker.io/docker/dockerfile:1.7
#3 ...

#4 [auth] docker/dockerfile:pull token for registry-1.docker.io
#4 DONE 0.0s

#3 [main] resolve image config for docker-image://docker.io/docker/dockerfile:1.7
#3 DONE 1.8s

#5 [runtime] docker-image://docker.io/docker/dockerfile:1.7@sha256:a57df69d0ea827fb7266491f2813635de6f17269be881f696fbfdf2d83dda33e
#5 CACHED

#6 [main internal] load build definition from Dockerfile
#6 transferring dockerfile: 5.29kB done
#6 DONE 0.0s

#7 [runtime internal] load build definition from Dockerfile
#7 transferring dockerfile: 5.29kB done
#7 DONE 0.0s

#8 [runtime internal] load metadata for docker.io/hashicorp/terraform:1.9.8@sha256:18f9986038bbaf02cf49db9c09261c778161c51dcc7fb7e355ae8938459428cd
#8 ...

#9 [main internal] load metadata for mirror.gcr.io/library/rust:1.88.0-bookworm@sha256:af306cfa71d987911a781c37b59d7d67d934f49684058f96cf72079c3626bfe0
#9 DONE 0.3s

#10 [runtime internal] load metadata for mirror.gcr.io/library/python:3.12.11-slim-bookworm@sha256:54fd2da9fc88eed6ef2ef3fa6fdeeb8fd9fad2bd3ce8fb3ac0db32a85f10c0f9
#10 ...

#11 [auth] hashicorp/terraform:pull token for registry-1.docker.io
#11 DONE 0.0s

#8 [runtime internal] load metadata for docker.io/hashicorp/terraform:1.9.8@sha256:18f9986038bbaf02cf49db9c09261c778161c51dcc7fb7e355ae8938459428cd
#8 CANCELED

#10 [runtime internal] load metadata for mirror.gcr.io/library/python:3.12.11-slim-bookworm@sha256:54fd2da9fc88eed6ef2ef3fa6fdeeb8fd9fad2bd3ce8fb3ac0db32a85f10c0f9
#10 ERROR: mirror.gcr.io/library/python:3.12.11-slim-bookworm@sha256:54fd2da9fc88eed6ef2ef3fa6fdeeb8fd9fad2bd3ce8fb3ac0db32a85f10c0f9: not found
------
 > [runtime internal] load metadata for mirror.gcr.io/library/python:3.12.11-slim-bookworm@sha256:54fd2da9fc88eed6ef2ef3fa6fdeeb8fd9fad2bd3ce8fb3ac0db32a85f10c0f9:
------
Dockerfile:27

--------------------

  25 |     FROM --platform=linux/amd64 hashicorp/terraform:1.9.8@sha256:18f9986038bbaf02cf49db9c09261c778161c51dcc7fb7e355ae8938459428cd AS terraform-cli

  26 |     

  27 | >>> FROM --platform=linux/amd64 mirror.gcr.io/library/python:3.12.11-slim-bookworm@sha256:54fd2da9fc88eed6ef2ef3fa6fdeeb8fd9fad2bd3ce8fb3ac0db32a85f10c0f9 AS main

  28 |     ENV DEBIAN_FRONTEND=noninteractive \

  29 |         PIP_NO_CACHE_DIR=1 \

--------------------

target main: failed to solve: mirror.gcr.io/library/python:3.12.11-slim-bookworm@sha256:54fd2da9fc88eed6ef2ef3fa6fdeeb8fd9fad2bd3ce8fb3ac0db32a85f10c0f9: mirror.gcr.io/library/python:3.12.11-slim-bookworm@sha256:54fd2da9fc88eed6ef2ef3fa6fdeeb8fd9fad2bd3ce8fb3ac0db32a85f10c0f9: not found

. Stderr: None. 

During handling of the above exception, another exception occurred:

Traceback (most recent call last):
  File "/Users/azeez/.local/share/uv/tools/realm-verifier/lib/python3.14/site-packages/harbor/trial/artifact_handler.py", line 313, in _download_artifact
    await source_env.service_download_file(
    ...<3 lines>...
    )
  File "/Users/azeez/.local/share/uv/tools/realm-verifier/lib/python3.14/site-packages/harbor/environments/docker/docker.py", line 1205, in service_download_file
    await self.download_file(source_path, target_path)
  File "/Users/azeez/.local/share/uv/tools/realm-verifier/lib/python3.14/site-packages/harbor/environments/docker/docker.py", line 1190, in download_file
    await self._platform.download_file(source_path, target_path)
  File "/Users/azeez/.local/share/uv/tools/realm-verifier/lib/python3.14/site-packages/harbor/environments/docker/docker_unix.py", line 256, in download_file
    await self._download_via_engine_cp(source_path, target_path, service)
  File "/Users/azeez/.local/share/uv/tools/realm-verifier/lib/python3.14/site-packages/harbor/environments/docker/docker_unix.py", line 233, in _download_via_engine_cp
    container = await self._resolve_service_container(service)
                ^^^^^^^^^^^^^^^^^^^^^^^^^^^^^^^^^^^^^^^^^^^^^^
  File "/Users/azeez/.local/share/uv/tools/realm-verifier/lib/python3.14/site-packages/harbor/environments/docker/docker_unix.py", line 212, in _resolve_service_container
    raise RuntimeError(
    ...<2 lines>...
    )
RuntimeError: Could not resolve container for compose service 'main' in project 'aw-az-01__68tjjaj__env'.
