Initializing the backend...
Initializing provider plugins...
- Reusing previous version of hashicorp/aws from the dependency lock file
- Using previously-installed hashicorp/aws v6.51.0

Terraform has been successfully initialized!
aws_cloudwatch_log_group.logs["relay"]: Refreshing state... [id=/clearledger/cl-365ded/outbox-relay]
aws_vpc.main: Refreshing state... [id=vpc-d5f4ffab]
aws_cloudwatch_log_group.logs["projector"]: Refreshing state... [id=/clearledger/cl-365ded/projector]
aws_cloudwatch_log_group.logs["archiver"]: Refreshing state... [id=/clearledger/cl-365ded/audit-archiver]
aws_cloudwatch_log_group.logs["api"]: Refreshing state... [id=/clearledger/cl-365ded/api]
aws_ecs_cluster.api: Refreshing state... [id=arn:aws:ecs:us-east-1:000000000000:cluster/cl-365ded-cluster]
aws_cognito_user_pool.pool: Refreshing state... [id=us-east-1_280b63442]
aws_iam_role.roles["scheduler"]: Refreshing state... [id=cl-365ded-scheduler]
aws_s3_bucket.audit: Refreshing state... [id=cl-365ded-audit]
aws_iam_role.roles["ecs_task"]: Refreshing state... [id=cl-365ded-ecs_task]
aws_iam_role.roles["ecs_execution"]: Refreshing state... [id=cl-365ded-ecs_execution]
aws_iam_role.roles["relay"]: Refreshing state... [id=cl-365ded-relay]
aws_iam_role.roles["archiver"]: Refreshing state... [id=cl-365ded-archiver]
aws_iam_role.roles["projector"]: Refreshing state... [id=cl-365ded-projector]
aws_kms_key.keys["messaging"]: Refreshing state... [id=5322988d-fe3a-4195-8544-7db2a728d532]
aws_kms_key.keys["database"]: Refreshing state... [id=57561e85-3b89-4e2b-bd42-e5c245f186b1]
aws_kms_key.keys["projection"]: Refreshing state... [id=acc28a33-9a92-4d90-853c-53bac1e90467]
aws_kms_key.keys["audit"]: Refreshing state... [id=4b7c4d57-ee0e-40fa-9ccc-a99e5e9b5abb]
aws_cognito_resource_server.scopes: Refreshing state... [id=us-east-1_280b63442|clearledger]
aws_security_group.valkey: Refreshing state... [id=sg-9a4ffb50a511b9d8a]
aws_route_table.private: Refreshing state... [id=rtb-ed4ed242]
aws_internet_gateway.main: Refreshing state... [id=igw-b50a37d2]
aws_subnet.private[0]: Refreshing state... [id=subnet-52b80fcd]
aws_security_group.alb: Refreshing state... [id=sg-093f55ad33b3250cc]
aws_subnet.private[1]: Refreshing state... [id=subnet-c80f3c0b]
aws_subnet.public[0]: Refreshing state... [id=subnet-5ff0df48]
aws_security_group.rds: Refreshing state... [id=sg-d97d30c03be0b03d1]
aws_subnet.public[1]: Refreshing state... [id=subnet-438faa1b]
aws_lb_target_group.api: Refreshing state... [id=arn:aws:elasticloadbalancing:us-east-1:000000000000:targetgroup/cl-365ded-api/4483590f6a5e4536]
aws_cognito_user_pool_client.clients["read"]: Refreshing state... [id=ea6623b6855b42b88196f27ea3]
aws_cognito_user_pool_client.clients["admin"]: Refreshing state... [id=0aa439f72c7f4ecda1e25def77]
aws_cognito_user_pool_client.clients["write"]: Refreshing state... [id=83bd6ab5018b4b7e86628da41d]
aws_kms_alias.keys["audit"]: Refreshing state... [id=alias/cl-365ded-audit]
aws_sqs_queue.dlq: Refreshing state... [id=http://aws:4566/000000000000/cl-365ded-dlq]
aws_dynamodb_table.projection: Refreshing state... [id=cl-365ded-projections]
aws_kms_alias.keys["messaging"]: Refreshing state... [id=alias/cl-365ded-messaging]
aws_kms_alias.keys["projection"]: Refreshing state... [id=alias/cl-365ded-projection]
aws_kms_alias.keys["database"]: Refreshing state... [id=alias/cl-365ded-database]
aws_s3_bucket_server_side_encryption_configuration.audit: Refreshing state... [id=cl-365ded-audit]
aws_s3_bucket_public_access_block.audit: Refreshing state... [id=cl-365ded-audit]
aws_s3_bucket_versioning.audit: Refreshing state... [id=cl-365ded-audit]
aws_route_table.public: Refreshing state... [id=rtb-d03e6cda]
aws_security_group.ecs: Refreshing state... [id=sg-463a431162412fbf9]
aws_db_subnet_group.db: Refreshing state... [id=cl-365ded-db]
aws_route_table_association.private[0]: Refreshing state... [id=rtbassoc-4329fdb6]
aws_elasticache_subnet_group.cache: Refreshing state... [id=cl-365ded-cache]
aws_route_table_association.private[1]: Refreshing state... [id=rtbassoc-164520c1]
aws_sqs_queue.main: Refreshing state... [id=http://aws:4566/000000000000/cl-365ded-events]
aws_lb.api: Refreshing state... [id=arn:aws:elasticloadbalancing:us-east-1:000000000000:loadbalancer/app/cl-365ded-api/af3920fc370a41a6]
aws_route_table_association.public[1]: Refreshing state... [id=rtbassoc-7ff656c5]
aws_route_table_association.public[0]: Refreshing state... [id=rtbassoc-1d3004ca]
aws_db_instance.db: Refreshing state... [id=db-CE420ECB7829453D83514921]
aws_elasticache_replication_group.cache: Refreshing state... [id=cl-365ded-valkey]
aws_lb_listener.api: Refreshing state... [id=arn:aws:elasticloadbalancing:us-east-1:000000000000:listener/app/cl-365ded-api/af3920fc370a41a6/0e825c2b4d394955]
aws_ecs_task_definition.api: Refreshing state... [id=cl-365ded-api]
aws_lambda_function.workers["projector"]: Refreshing state... [id=cl-365ded-projector]
aws_lambda_function.workers["relay"]: Refreshing state... [id=cl-365ded-relay]
aws_lambda_function.workers["archiver"]: Refreshing state... [id=cl-365ded-archiver]
aws_iam_role_policy.canonical["archiver"]: Refreshing state... [id=cl-365ded-archiver:cl-365ded-archiver-canonical]
aws_iam_role_policy.canonical["relay"]: Refreshing state... [id=cl-365ded-relay:cl-365ded-relay-canonical]
aws_iam_role_policy.canonical["ecs_execution"]: Refreshing state... [id=cl-365ded-ecs_execution:cl-365ded-ecs_execution-canonical]
aws_iam_role_policy.canonical["projector"]: Refreshing state... [id=cl-365ded-projector:cl-365ded-projector-canonical]
aws_iam_role_policy.canonical["scheduler"]: Refreshing state... [id=cl-365ded-scheduler:cl-365ded-scheduler-canonical]
aws_iam_role_policy.canonical["ecs_task"]: Refreshing state... [id=cl-365ded-ecs_task:cl-365ded-ecs_task-canonical]
aws_scheduler_schedule.workers["archiver"]: Refreshing state... [id=default/cl-365ded-archiver]
aws_scheduler_schedule.workers["relay"]: Refreshing state... [id=default/cl-365ded-relay]
aws_lambda_event_source_mapping.projector: Refreshing state... [id=bd4db9d0-bb26-4619-8665-99fbcedaa825]
aws_ecs_service.api: Refreshing state... [id=arn:aws:ecs:us-east-1:000000000000:service/cl-365ded-cluster/cl-365ded-api]

Terraform used the selected providers to generate the following execution
plan. Resource actions are indicated with the following symbols:
  ~ update in-place

Terraform will perform the following actions:

  # aws_ecs_task_definition.api will be updated in-place
  ~ resource "aws_ecs_task_definition" "api" {
        id                       = "cl-365ded-api"
        tags                     = {}
      ~ tags_all                 = {
          + "ClearLedgerDeployment" = "cl-365ded"
        }
        # (17 unchanged attributes hidden)
    }

  # aws_elasticache_replication_group.cache will be updated in-place
  ~ resource "aws_elasticache_replication_group" "cache" {
        id                             = "cl-365ded-valkey"
      ~ security_group_ids             = [
          + "sg-9a4ffb50a511b9d8a",
        ]
        tags                           = {}
        # (36 unchanged attributes hidden)

        # (1 unchanged block hidden)
    }

  # aws_lambda_event_source_mapping.projector will be updated in-place
  ~ resource "aws_lambda_event_source_mapping" "projector" {
        id                                 = "bd4db9d0-bb26-4619-8665-99fbcedaa825"
        tags                               = {}
      ~ tags_all                           = {
          + "ClearLedgerDeployment" = "cl-365ded"
        }
        # (24 unchanged attributes hidden)
    }

  # aws_lambda_function.workers["archiver"] will be updated in-place
  ~ resource "aws_lambda_function" "workers" {
        id                             = "cl-365ded-archiver"
        tags                           = {}
        # (31 unchanged attributes hidden)

      - image_config {
          - command           = [] -> null
          - entry_point       = [] -> null
            # (1 unchanged attribute hidden)
        }

        # (4 unchanged blocks hidden)
    }

  # aws_lambda_function.workers["projector"] will be updated in-place
  ~ resource "aws_lambda_function" "workers" {
        id                             = "cl-365ded-projector"
        tags                           = {}
        # (31 unchanged attributes hidden)

      - image_config {
          - command           = [] -> null
          - entry_point       = [] -> null
            # (1 unchanged attribute hidden)
        }

        # (4 unchanged blocks hidden)
    }

  # aws_lambda_function.workers["relay"] will be updated in-place
  ~ resource "aws_lambda_function" "workers" {
        id                             = "cl-365ded-relay"
        tags                           = {}
        # (31 unchanged attributes hidden)

      - image_config {
          - command           = [] -> null
          - entry_point       = [] -> null
            # (1 unchanged attribute hidden)
        }

        # (4 unchanged blocks hidden)
    }

Plan: 0 to add, 6 to change, 0 to destroy.

Warning: Argument is deprecated

  with aws_dynamodb_table.projection,
  on main.tf line 201, in resource "aws_dynamodb_table" "projection":
 201: resource "aws_dynamodb_table" "projection" {

range_key is deprecated. Use key_schema instead.

(and 3 more similar warnings elsewhere)
aws_elasticache_replication_group.cache: Modifying... [id=cl-365ded-valkey]
aws_elasticache_replication_group.cache: Modifications complete after 0s [id=cl-365ded-valkey]
aws_ecs_task_definition.api: Modifying... [id=cl-365ded-api]
aws_lambda_function.workers["projector"]: Modifying... [id=cl-365ded-projector]
aws_lambda_function.workers["relay"]: Modifying... [id=cl-365ded-relay]
aws_lambda_function.workers["archiver"]: Modifying... [id=cl-365ded-archiver]
aws_ecs_task_definition.api: Modifications complete after 0s [id=cl-365ded-api]
aws_lambda_function.workers["archiver"]: Modifications complete after 5s [id=cl-365ded-archiver]
aws_lambda_function.workers["relay"]: Modifications complete after 7s [id=cl-365ded-relay]
aws_lambda_function.workers["projector"]: Modifications complete after 7s [id=cl-365ded-projector]
aws_lambda_event_source_mapping.projector: Modifying... [id=bd4db9d0-bb26-4619-8665-99fbcedaa825]
aws_lambda_event_source_mapping.projector: Modifications complete after 0s [id=bd4db9d0-bb26-4619-8665-99fbcedaa825]

Apply complete! Resources: 0 added, 6 changed, 0 destroyed.

Outputs:

manifest = <sensitive>
