Agent 'oracle' does not declare an options_model; leftover kwargs are ignored
Trial aw-az-01__jaEeM3Y cancelled
Collecting main service artifacts
compose cp failed; retrying download with engine cp: Docker compose command failed for environment clearledger-settlement. Command: docker compose --project-name aw-az-01__jaeem3y__env --project-directory /Users/azeez/Azeez/microai/aw-az-01/environment -f /private/var/folders/cx/31vj2yzs6xv5qzw7hx0tvjp40000gn/T/tmpzlzn7ynk/aw-az-01__jaEeM3Y__env-docker-compose-resources.json -f /Users/azeez/.local/share/uv/tools/realm-verifier/lib/python3.14/site-packages/harbor/environments/docker/docker-compose-build.yaml -f /Users/azeez/Azeez/microai/aw-az-01/environment/docker-compose.yaml -f /private/var/folders/cx/31vj2yzs6xv5qzw7hx0tvjp40000gn/T/tmpjytjfc1s/docker-compose-environment.json -f /private/var/folders/cx/31vj2yzs6xv5qzw7hx0tvjp40000gn/T/tmp0jz7o3qr/docker-compose-mounts.json cp main:/workspace/submission /Users/azeez/Azeez/microai/aw-az-01/jobs/rv-20261002T171639Z-441b61/aw-az-01__jaEeM3Y/artifacts/submission. Return code: 1. Stdout: no container found for service "main"
. Stderr: None. 
Failed to download artifact '/workspace/submission' from service 'main' (best-effort)
Traceback (most recent call last):
  File "/Users/azeez/.local/share/uv/tools/realm-verifier/lib/python3.14/site-packages/harbor/trial/trial.py", line 415, in run
    await self._prepare()
  File "/Users/azeez/.local/share/uv/tools/realm-verifier/lib/python3.14/site-packages/harbor/trial/trial.py", line 453, in _prepare
    await self._setup_agent_environment()
  File "/Users/azeez/.local/share/uv/tools/realm-verifier/lib/python3.14/site-packages/harbor/trial/trial.py", line 1542, in _setup_agent_environment
    await self._start_agent_environment()
  File "/Users/azeez/.local/share/uv/tools/realm-verifier/lib/python3.14/site-packages/harbor/trial/trial.py", line 1548, in _start_agent_environment
    await asyncio.wait_for(
    ...<4 lines>...
    )
  File "/opt/homebrew/Cellar/python@3.14/3.14.2_1/Frameworks/Python.framework/Versions/3.14/lib/python3.14/asyncio/tasks.py", line 488, in wait_for
    return await fut
           ^^^^^^^^^
  File "/Users/azeez/.local/share/uv/tools/realm-verifier/lib/python3.14/site-packages/harbor/environments/docker/docker.py", line 981, in start
    await self._run_docker_compose_command(["build"])
  File "/Users/azeez/.local/share/uv/tools/realm-verifier/lib/python3.14/site-packages/harbor/environments/docker/docker.py", line 697, in _run_docker_compose_command
    result = await self._collect_buffered_output(
             ^^^^^^^^^^^^^^^^^^^^^^^^^^^^^^^^^^^^
    ...<3 lines>...
    )
    ^
  File "/Users/azeez/.local/share/uv/tools/realm-verifier/lib/python3.14/site-packages/harbor/environments/docker/docker.py", line 727, in _collect_buffered_output
    stdout_bytes, stderr_bytes = await process.communicate(input=stdin_data)
                                 ^^^^^^^^^^^^^^^^^^^^^^^^^^^^^^^^^^^^^^^^^^^
  File "/opt/homebrew/Cellar/python@3.14/3.14.2_1/Frameworks/Python.framework/Versions/3.14/lib/python3.14/asyncio/subprocess.py", line 201, in communicate
    stdin, stdout, stderr = await tasks.gather(stdin, stdout, stderr)
                            ^^^^^^^^^^^^^^^^^^^^^^^^^^^^^^^^^^^^^^^^^
  File "/opt/homebrew/Cellar/python@3.14/3.14.2_1/Frameworks/Python.framework/Versions/3.14/lib/python3.14/asyncio/subprocess.py", line 181, in _read_stream
    output = await stream.read()
             ^^^^^^^^^^^^^^^^^^^
  File "/opt/homebrew/Cellar/python@3.14/3.14.2_1/Frameworks/Python.framework/Versions/3.14/lib/python3.14/asyncio/streams.py", line 723, in read
    block = await self.read(self._limit)
            ^^^^^^^^^^^^^^^^^^^^^^^^^^^^
  File "/opt/homebrew/Cellar/python@3.14/3.14.2_1/Frameworks/Python.framework/Versions/3.14/lib/python3.14/asyncio/streams.py", line 730, in read
    await self._wait_for_data('read')
  File "/opt/homebrew/Cellar/python@3.14/3.14.2_1/Frameworks/Python.framework/Versions/3.14/lib/python3.14/asyncio/streams.py", line 539, in _wait_for_data
    await self._waiter
asyncio.exceptions.CancelledError

During handling of the above exception, another exception occurred:

Traceback (most recent call last):
  File "/Users/azeez/.local/share/uv/tools/realm-verifier/lib/python3.14/site-packages/harbor/trial/artifact_handler.py", line 313, in _download_artifact
    await source_env.service_download_file(
    ...<3 lines>...
    )
  File "/Users/azeez/.local/share/uv/tools/realm-verifier/lib/python3.14/site-packages/harbor/environments/docker/docker.py", line 1205, in service_download_file
    await self.download_file(source_path, target_path)
  File "/Users/azeez/.local/share/uv/tools/realm-verifier/lib/python3.14/site-packages/harbor/environments/docker/docker.py", line 1190, in download_file
    await self._platform.download_file(source_path, target_path)
  File "/Users/azeez/.local/share/uv/tools/realm-verifier/lib/python3.14/site-packages/harbor/environments/docker/docker_unix.py", line 256, in download_file
    await self._download_via_engine_cp(source_path, target_path, service)
  File "/Users/azeez/.local/share/uv/tools/realm-verifier/lib/python3.14/site-packages/harbor/environments/docker/docker_unix.py", line 233, in _download_via_engine_cp
    container = await self._resolve_service_container(service)
                ^^^^^^^^^^^^^^^^^^^^^^^^^^^^^^^^^^^^^^^^^^^^^^
  File "/Users/azeez/.local/share/uv/tools/realm-verifier/lib/python3.14/site-packages/harbor/environments/docker/docker_unix.py", line 212, in _resolve_service_container
    raise RuntimeError(
    ...<2 lines>...
    )
RuntimeError: Could not resolve container for compose service 'main' in project 'aw-az-01__jaeem3y__env'.
compose cp failed; retrying download with engine cp: Docker compose command failed for environment clearledger-settlement. Command: docker compose --project-name aw-az-01__jaeem3y__env --project-directory /Users/azeez/Azeez/microai/aw-az-01/environment -f /private/var/folders/cx/31vj2yzs6xv5qzw7hx0tvjp40000gn/T/tmpzlzn7ynk/aw-az-01__jaEeM3Y__env-docker-compose-resources.json -f /Users/azeez/.local/share/uv/tools/realm-verifier/lib/python3.14/site-packages/harbor/environments/docker/docker-compose-build.yaml -f /Users/azeez/Azeez/microai/aw-az-01/environment/docker-compose.yaml -f /private/var/folders/cx/31vj2yzs6xv5qzw7hx0tvjp40000gn/T/tmpjytjfc1s/docker-compose-environment.json -f /private/var/folders/cx/31vj2yzs6xv5qzw7hx0tvjp40000gn/T/tmp0jz7o3qr/docker-compose-mounts.json cp main:/workspace/evidence /Users/azeez/Azeez/microai/aw-az-01/jobs/rv-20261002T171639Z-441b61/aw-az-01__jaEeM3Y/artifacts/evidence. Return code: 1. Stdout: no container found for service "main"
. Stderr: None. 
Failed to download artifact '/workspace/evidence' from service 'main' (best-effort)
Traceback (most recent call last):
  File "/Users/azeez/.local/share/uv/tools/realm-verifier/lib/python3.14/site-packages/harbor/trial/trial.py", line 415, in run
    await self._prepare()
  File "/Users/azeez/.local/share/uv/tools/realm-verifier/lib/python3.14/site-packages/harbor/trial/trial.py", line 453, in _prepare
    await self._setup_agent_environment()
  File "/Users/azeez/.local/share/uv/tools/realm-verifier/lib/python3.14/site-packages/harbor/trial/trial.py", line 1542, in _setup_agent_environment
    await self._start_agent_environment()
  File "/Users/azeez/.local/share/uv/tools/realm-verifier/lib/python3.14/site-packages/harbor/trial/trial.py", line 1548, in _start_agent_environment
    await asyncio.wait_for(
    ...<4 lines>...
    )
  File "/opt/homebrew/Cellar/python@3.14/3.14.2_1/Frameworks/Python.framework/Versions/3.14/lib/python3.14/asyncio/tasks.py", line 488, in wait_for
    return await fut
           ^^^^^^^^^
  File "/Users/azeez/.local/share/uv/tools/realm-verifier/lib/python3.14/site-packages/harbor/environments/docker/docker.py", line 981, in start
    await self._run_docker_compose_command(["build"])
  File "/Users/azeez/.local/share/uv/tools/realm-verifier/lib/python3.14/site-packages/harbor/environments/docker/docker.py", line 697, in _run_docker_compose_command
    result = await self._collect_buffered_output(
             ^^^^^^^^^^^^^^^^^^^^^^^^^^^^^^^^^^^^
    ...<3 lines>...
    )
    ^
  File "/Users/azeez/.local/share/uv/tools/realm-verifier/lib/python3.14/site-packages/harbor/environments/docker/docker.py", line 727, in _collect_buffered_output
    stdout_bytes, stderr_bytes = await process.communicate(input=stdin_data)
                                 ^^^^^^^^^^^^^^^^^^^^^^^^^^^^^^^^^^^^^^^^^^^
  File "/opt/homebrew/Cellar/python@3.14/3.14.2_1/Frameworks/Python.framework/Versions/3.14/lib/python3.14/asyncio/subprocess.py", line 201, in communicate
    stdin, stdout, stderr = await tasks.gather(stdin, stdout, stderr)
                            ^^^^^^^^^^^^^^^^^^^^^^^^^^^^^^^^^^^^^^^^^
  File "/opt/homebrew/Cellar/python@3.14/3.14.2_1/Frameworks/Python.framework/Versions/3.14/lib/python3.14/asyncio/subprocess.py", line 181, in _read_stream
    output = await stream.read()
             ^^^^^^^^^^^^^^^^^^^
  File "/opt/homebrew/Cellar/python@3.14/3.14.2_1/Frameworks/Python.framework/Versions/3.14/lib/python3.14/asyncio/streams.py", line 723, in read
    block = await self.read(self._limit)
            ^^^^^^^^^^^^^^^^^^^^^^^^^^^^
  File "/opt/homebrew/Cellar/python@3.14/3.14.2_1/Frameworks/Python.framework/Versions/3.14/lib/python3.14/asyncio/streams.py", line 730, in read
    await self._wait_for_data('read')
  File "/opt/homebrew/Cellar/python@3.14/3.14.2_1/Frameworks/Python.framework/Versions/3.14/lib/python3.14/asyncio/streams.py", line 539, in _wait_for_data
    await self._waiter
asyncio.exceptions.CancelledError

During handling of the above exception, another exception occurred:

Traceback (most recent call last):
  File "/Users/azeez/.local/share/uv/tools/realm-verifier/lib/python3.14/site-packages/harbor/trial/artifact_handler.py", line 313, in _download_artifact
    await source_env.service_download_file(
    ...<3 lines>...
    )
  File "/Users/azeez/.local/share/uv/tools/realm-verifier/lib/python3.14/site-packages/harbor/environments/docker/docker.py", line 1205, in service_download_file
    await self.download_file(source_path, target_path)
  File "/Users/azeez/.local/share/uv/tools/realm-verifier/lib/python3.14/site-packages/harbor/environments/docker/docker.py", line 1190, in download_file
    await self._platform.download_file(source_path, target_path)
  File "/Users/azeez/.local/share/uv/tools/realm-verifier/lib/python3.14/site-packages/harbor/environments/docker/docker_unix.py", line 256, in download_file
    await self._download_via_engine_cp(source_path, target_path, service)
  File "/Users/azeez/.local/share/uv/tools/realm-verifier/lib/python3.14/site-packages/harbor/environments/docker/docker_unix.py", line 233, in _download_via_engine_cp
    container = await self._resolve_service_container(service)
                ^^^^^^^^^^^^^^^^^^^^^^^^^^^^^^^^^^^^^^^^^^^^^^
  File "/Users/azeez/.local/share/uv/tools/realm-verifier/lib/python3.14/site-packages/harbor/environments/docker/docker_unix.py", line 212, in _resolve_service_container
    raise RuntimeError(
    ...<2 lines>...
    )
RuntimeError: Could not resolve container for compose service 'main' in project 'aw-az-01__jaeem3y__env'.
