data.aws_caller_identity.current: Reading...
aws_ecs_cluster.api: Refreshing state... [id=arn:aws:ecs:us-east-1:000000000000:cluster/cl-4e6f11-cluster]
aws_cloudwatch_log_group.logs["projector"]: Refreshing state... [id=/clearledger/cl-4e6f11/projector]
aws_cloudwatch_log_group.logs["archiver"]: Refreshing state... [id=/clearledger/cl-4e6f11/audit-archiver]
aws_iam_role.roles["projector"]: Refreshing state... [id=cl-4e6f11-projector]
aws_vpc.main: Refreshing state... [id=vpc-0ee8c63d]
aws_cloudwatch_log_group.logs["api"]: Refreshing state... [id=/clearledger/cl-4e6f11/api]
aws_cloudwatch_log_group.logs["relay"]: Refreshing state... [id=/clearledger/cl-4e6f11/outbox-relay]
aws_iam_role.roles["relay"]: Refreshing state... [id=cl-4e6f11-relay]
aws_cognito_user_pool.auth: Refreshing state... [id=us-east-1_b9dd96e72]
data.aws_caller_identity.current: Read complete after 0s [id=000000000000]
aws_iam_role.roles["archiver"]: Refreshing state... [id=cl-4e6f11-archiver]
aws_iam_role.roles["scheduler"]: Refreshing state... [id=cl-4e6f11-scheduler]
aws_kms_key.keys["projection"]: Refreshing state... [id=962f7f4c-109d-45cd-a649-3fcdefd40e63]
aws_iam_role.roles["ecs_execution"]: Refreshing state... [id=cl-4e6f11-ecs_execution]
aws_iam_role.roles["ecs_task"]: Refreshing state... [id=cl-4e6f11-ecs_task]
aws_kms_key.keys["database"]: Refreshing state... [id=ba1af6d7-3d01-4384-8b13-1f9105410215]
aws_kms_key.keys["audit"]: Refreshing state... [id=4e593433-80f1-4cd5-abaa-24df423bd679]
aws_kms_key.keys["messaging"]: Refreshing state... [id=311ab121-be4d-408d-8d94-d662e9b1be30]
aws_s3_bucket.audit: Refreshing state... [id=cl-4e6f11-audit]
aws_route_table.private: Refreshing state... [id=rtb-a3d9507b]
aws_cognito_resource_server.auth: Refreshing state... [id=us-east-1_b9dd96e72|clearledger]
aws_subnet.private[0]: Refreshing state... [id=subnet-a1b7e003]
aws_lb_target_group.api: Refreshing state... [id=arn:aws:elasticloadbalancing:us-east-1:000000000000:targetgroup/cl-4e6f11-api/539a825f0e994514]
aws_security_group.valkey: Refreshing state... [id=sg-fd537619edabc1d64]
aws_subnet.public[0]: Refreshing state... [id=subnet-aedcb50d]
aws_internet_gateway.main: Refreshing state... [id=igw-6444e47c]
aws_security_group.rds: Refreshing state... [id=sg-847466e196df1658a]
aws_subnet.public[1]: Refreshing state... [id=subnet-851b33a3]
aws_sqs_queue.dlq: Refreshing state... [id=http://aws:4566/000000000000/cl-4e6f11-dlq]
aws_subnet.private[1]: Refreshing state... [id=subnet-6715ce76]
aws_dynamodb_table.projection: Refreshing state... [id=cl-4e6f11-projections]
aws_kms_alias.keys["messaging"]: Refreshing state... [id=alias/cl-4e6f11-messaging]
aws_kms_alias.keys["audit"]: Refreshing state... [id=alias/cl-4e6f11-audit]
aws_kms_alias.keys["database"]: Refreshing state... [id=alias/cl-4e6f11-database]
aws_security_group.alb: Refreshing state... [id=sg-5c85f2ba11f2e2e87]
aws_kms_alias.keys["projection"]: Refreshing state... [id=alias/cl-4e6f11-projection]
aws_cognito_user_pool_client.clients["admin"]: Refreshing state... [id=dc462f3f5f1249cd926601d9d3]
aws_cognito_user_pool_client.clients["read"]: Refreshing state... [id=b45f675ef6aa41298e28d0c39c]
aws_cognito_user_pool_client.clients["write"]: Refreshing state... [id=926ec06b941d4538b718e5cb3f]
aws_s3_bucket_server_side_encryption_configuration.audit: Refreshing state... [id=cl-4e6f11-audit]
aws_s3_bucket_public_access_block.audit: Refreshing state... [id=cl-4e6f11-audit]
aws_route_table.public: Refreshing state... [id=rtb-3b93c904]
aws_s3_bucket_versioning.audit: Refreshing state... [id=cl-4e6f11-audit]
aws_elasticache_subnet_group.cache: Refreshing state... [id=cl-4e6f11-cache]
aws_route_table_association.private[0]: Refreshing state... [id=rtbassoc-79c2aee7]
aws_route_table_association.private[1]: Refreshing state... [id=rtbassoc-0d3b208f]
aws_db_subnet_group.db: Refreshing state... [id=cl-4e6f11-db]
aws_sqs_queue.events: Refreshing state... [id=http://aws:4566/000000000000/cl-4e6f11-events]
aws_route_table_association.public[1]: Refreshing state... [id=rtbassoc-102ece53]
aws_security_group.ecs: Refreshing state... [id=sg-6bcfe132f1e7d573b]
aws_route_table_association.public[0]: Refreshing state... [id=rtbassoc-bace04b5]
aws_lb.api: Refreshing state... [id=arn:aws:elasticloadbalancing:us-east-1:000000000000:loadbalancer/app/cl-4e6f11-alb/cd20ccf4de5944ff]
aws_db_instance.db: Refreshing state... [id=db-8051207FABE84E92973D3F28]
aws_iam_role_policy.canonical["ecs_task"]: Refreshing state... [id=cl-4e6f11-ecs_task:cl-4e6f11-ecs_task-canonical]
aws_iam_role_policy.canonical["projector"]: Refreshing state... [id=cl-4e6f11-projector:cl-4e6f11-projector-canonical]
aws_iam_role_policy.canonical["ecs_execution"]: Refreshing state... [id=cl-4e6f11-ecs_execution:cl-4e6f11-ecs_execution-canonical]
aws_iam_role_policy.canonical["archiver"]: Refreshing state... [id=cl-4e6f11-archiver:cl-4e6f11-archiver-canonical]
aws_iam_role_policy.canonical["relay"]: Refreshing state... [id=cl-4e6f11-relay:cl-4e6f11-relay-canonical]
aws_iam_role_policy.canonical["scheduler"]: Refreshing state... [id=cl-4e6f11-scheduler:cl-4e6f11-scheduler-canonical]
aws_lb_listener.api: Refreshing state... [id=arn:aws:elasticloadbalancing:us-east-1:000000000000:listener/app/cl-4e6f11-alb/cd20ccf4de5944ff/b5559a2bd2684048]
aws_lambda_function.workers["projector"]: Refreshing state... [id=cl-4e6f11-projector]
aws_lambda_function.workers["archiver"]: Refreshing state... [id=cl-4e6f11-archiver]
aws_lambda_function.workers["relay"]: Refreshing state... [id=cl-4e6f11-relay]
aws_ecs_service.api: Refreshing state... [id=arn:aws:ecs:us-east-1:000000000000:service/cl-4e6f11-cluster/cl-4e6f11-api]
aws_scheduler_schedule.workers["relay"]: Refreshing state... [id=default/cl-4e6f11-relay]
aws_lambda_event_source_mapping.projector: Refreshing state... [id=488031bc-0ca6-4ebb-92b8-4518b586e6ec]
aws_scheduler_schedule.workers["archiver"]: Refreshing state... [id=default/cl-4e6f11-archiver]

Terraform used the selected providers to generate the following execution
plan. Resource actions are indicated with the following symbols:
  + create
  ~ update in-place

Terraform will perform the following actions:

  # aws_ecs_service.api will be updated in-place
  ~ resource "aws_ecs_service" "api" {
        id                                 = "arn:aws:ecs:us-east-1:000000000000:service/cl-4e6f11-cluster/cl-4e6f11-api"
        name                               = "cl-4e6f11-api"
        tags                               = {}
      ~ task_definition                    = "arn:aws:ecs:us-east-1:000000000000:task-definition/cl-4e6f11-api:3" -> (known after apply)
        # (17 unchanged attributes hidden)

        # (3 unchanged blocks hidden)
    }

  # aws_ecs_task_definition.api will be created
  + resource "aws_ecs_task_definition" "api" {
      + arn                      = (known after apply)
      + arn_without_revision     = (known after apply)
      + container_definitions    = (sensitive value)
      + cpu                      = "256"
      + enable_fault_injection   = (known after apply)
      + execution_role_arn       = "arn:aws:iam::000000000000:role/cl-4e6f11-ecs_execution"
      + family                   = "cl-4e6f11-api"
      + id                       = (known after apply)
      + memory                   = "512"
      + network_mode             = "awsvpc"
      + region                   = "us-east-1"
      + requires_compatibilities = [
          + "FARGATE",
        ]
      + revision                 = (known after apply)
      + skip_destroy             = false
      + tags_all                 = {
          + "ClearLedgerDeployment" = "cl-4e6f11"
        }
      + task_role_arn            = "arn:aws:iam::000000000000:role/cl-4e6f11-ecs_task"
      + track_latest             = false
    }

  # aws_elasticache_replication_group.cache will be created
  + resource "aws_elasticache_replication_group" "cache" {
      + apply_immediately              = true
      + arn                            = (known after apply)
      + at_rest_encryption_enabled     = "false"
      + auto_minor_version_upgrade     = (known after apply)
      + automatic_failover_enabled     = false
      + cluster_enabled                = (known after apply)
      + cluster_mode                   = (known after apply)
      + configuration_endpoint_address = (known after apply)
      + data_tiering_enabled           = (known after apply)
      + description                    = "cl-4e6f11 projection cache"
      + durability                     = (known after apply)
      + engine                         = "valkey"
      + engine_version                 = "8.0"
      + engine_version_actual          = (known after apply)
      + global_replication_group_id    = (known after apply)
      + id                             = (known after apply)
      + ip_discovery                   = (known after apply)
      + maintenance_window             = (known after apply)
      + member_clusters                = (known after apply)
      + multi_az_enabled               = false
      + network_type                   = (known after apply)
      + node_type                      = "cache.t4g.micro"
      + num_cache_clusters             = 1
      + num_node_groups                = (known after apply)
      + parameter_group_name           = (known after apply)
      + port                           = 6379
      + primary_endpoint_address       = (known after apply)
      + reader_endpoint_address        = (known after apply)
      + region                         = "us-east-1"
      + replicas_per_node_group        = (known after apply)
      + replication_group_id           = "cl-4e6f11-cache"
      + security_group_ids             = [
          + "sg-fd537619edabc1d64",
        ]
      + security_group_names           = (known after apply)
      + snapshot_window                = (known after apply)
      + subnet_group_name              = "cl-4e6f11-cache"
      + tags_all                       = {
          + "ClearLedgerDeployment" = "cl-4e6f11"
        }
      + transit_encryption_enabled     = false
      + transit_encryption_mode        = (known after apply)

      + node_group_configuration (known after apply)
    }

  # aws_lambda_event_source_mapping.projector will be updated in-place
  ~ resource "aws_lambda_event_source_mapping" "projector" {
        id                                 = "488031bc-0ca6-4ebb-92b8-4518b586e6ec"
        tags                               = {}
      ~ tags_all                           = {
          + "ClearLedgerDeployment" = "cl-4e6f11"
        }
        # (24 unchanged attributes hidden)
    }

  # aws_lambda_function.workers["projector"] will be updated in-place
  ~ resource "aws_lambda_function" "workers" {
        id                             = "cl-4e6f11-projector"
        tags                           = {}
        # (31 unchanged attributes hidden)

      ~ environment {
          ~ variables = (sensitive value)
        }

        # (4 unchanged blocks hidden)
    }

Plan: 2 to add, 3 to change, 0 to destroy.

Changes to Outputs:
  ~ manifest = (sensitive value)

Warning: Argument is deprecated

  with aws_dynamodb_table.projection,
  on main.tf line 187, in resource "aws_dynamodb_table" "projection":
 187: resource "aws_dynamodb_table" "projection" {

hash_key is deprecated. Use key_schema instead.

(and 3 more similar warnings elsewhere)
